// Jest Snapshot v1, https://goo.gl/fbAQLP

exports[`Weather .renderItem should match the snapshot - Clear 1`] = `ShallowWrapper {}`;

exports[`Weather .renderItem should match the snapshot - Default 1`] = `ShallowWrapper {}`;

exports[`Weather .renderItem should match the snapshot - Fog 1`] = `ShallowWrapper {}`;

exports[`Weather .renderItem should match the snapshot - Haze 1`] = `ShallowWrapper {}`;

exports[`Weather .renderItem should match the snapshot - Rain 1`] = `ShallowWrapper {}`;

exports[`Weather .renderItem should match the snapshot - Snow 1`] = `ShallowWrapper {}`;

exports[`Weather .renderItem should match the snapshot 1`] = `ShallowWrapper {}`;

exports[`Weather Rendering should match to snapshot - Primary: Primary Weather snapshot 1`] = `ShallowWrapper {}`;

exports[`Weather Rendering should match to snapshot - Secondary: Secondary Weather snapshot 1`] = `ShallowWrapper {}`;

exports[`Weather Rendering should match to snapshot 1`] = `ShallowWrapper {}`;
